
> itdasy-app@0.1.0 lint
> eslint 'app-*.js' 'components/**/*.js' 'js/**/*.js' --no-error-on-unmatched-pattern --max-warnings=0 || eslint 'app-*.js' 'components/**/*.js' 'js/**/*.js' --no-error-on-unmatched-pattern


/Users/kang-yeonjun/프로젝트/깃허브with원영/itdasy_beauty_app_recent/itdasy-release-audit-20260915/app-assistant.js
  671:35  warning  'idx' is defined but never used. Allowed unused args must match /^_/u  no-unused-vars

/Users/kang-yeonjun/프로젝트/깃허브with원영/itdasy_beauty_app_recent/itdasy-release-audit-20260915/app-comment-reply-queue.js
  638:3   warning  Function '_groupedHtml' has too many lines (53). Maximum allowed is 50     max-lines-per-function
  758:1   warning  File has too many lines (919). Maximum allowed is 500                      max-lines
  791:3   warning  Function '_ensureMounted' has too many lines (150). Maximum allowed is 50  max-lines-per-function
  824:34  warning  Function has too many lines (116). Maximum allowed is 50                   max-lines-per-function

/Users/kang-yeonjun/프로젝트/깃허브with원영/itdasy_beauty_app_recent/itdasy-release-audit-20260915/app-customer-dashboard.js
  347:3   warning  Function '_bindDetailV4' has too many lines (61). Maximum allowed is 50  max-lines-per-function
  350:56  warning  Arrow function has too many lines (57). Maximum allowed is 50            max-lines-per-function
  351:37  warning  Arrow function has too many lines (55). Maximum allowed is 50            max-lines-per-function
  615:1   warning  File has too many lines (539). Maximum allowed is 500                    max-lines

/Users/kang-yeonjun/프로젝트/깃허브with원영/itdasy_beauty_app_recent/itdasy-release-audit-20260915/app-dm-booking-form.js
  138:3  warning  Function '_bind' has too many lines (53). Maximum allowed is 50  max-lines-per-function

/Users/kang-yeonjun/프로젝트/깃허브with원영/itdasy_beauty_app_recent/itdasy-release-audit-20260915/app-dm-confirm-queue.js
  883:13  warning  'undoLogId' is assigned a value but never used. Allowed unused vars must match /^_/u  no-unused-vars

/Users/kang-yeonjun/프로젝트/깃허브with원영/itdasy_beauty_app_recent/itdasy-release-audit-20260915/app-dm-menu.js
  139:3  warning  Function '_styleOnce' has too many lines (118). Maximum allowed is 50  max-lines-per-function
  353:3  warning  Function '_render' has too many lines (83). Maximum allowed is 50      max-lines-per-function
  441:3  warning  Function '_onClick' has too many lines (96). Maximum allowed is 50     max-lines-per-function
  567:1  warning  File has too many lines (756). Maximum allowed is 500                  max-lines

/Users/kang-yeonjun/프로젝트/깃허브with원영/itdasy_beauty_app_recent/itdasy-release-audit-20260915/app-dm-preview.js
  20:3  warning  Function '_styleOnce' has too many lines (67). Maximum allowed is 50  max-lines-per-function

/Users/kang-yeonjun/프로젝트/깃허브with원영/itdasy_beauty_app_recent/itdasy-release-audit-20260915/app-feed-planner.js
  10:7   warning  'COLS' is assigned a value but never used. Allowed unused vars must match /^_/u  no-unused-vars
  13:12  warning  'haptic' is defined but never used. Allowed unused vars must match /^_/u         no-unused-vars

/Users/kang-yeonjun/프로젝트/깃허브with원영/itdasy_beauty_app_recent/itdasy-release-audit-20260915/app-gallery-db.js
  72:1   warning  Function 'openGalleryDB' has too many lines (66). Maximum allowed is 50  max-lines-per-function
  73:22  warning  Arrow function has too many lines (64). Maximum allowed is 50            max-lines-per-function

/Users/kang-yeonjun/프로젝트/깃허브with원영/itdasy_beauty_app_recent/itdasy-release-audit-20260915/app-gallery-review.js
  73:1  warning  Function '_renderReviewPanel' has too many lines (52). Maximum allowed is 50  max-lines-per-function

/Users/kang-yeonjun/프로젝트/깃허브with원영/itdasy_beauty_app_recent/itdasy-release-audit-20260915/app-home-customer-msgs.js
  238:3   warning  Function '_bindDelegation' has too many lines (64). Maximum allowed is 50  max-lines-per-function
  241:45  warning  Arrow function has too many lines (60). Maximum allowed is 50              max-lines-per-function

/Users/kang-yeonjun/프로젝트/깃허브with원영/itdasy_beauty_app_recent/itdasy-release-audit-20260915/app-home-v41.js
  257:3  warning  Function '_bindItbiCardInput' has too many lines (59). Maximum allowed is 50  max-lines-per-function

/Users/kang-yeonjun/프로젝트/깃허브with원영/itdasy_beauty_app_recent/itdasy-release-audit-20260915/app-ig-connect-warn.js
  69:3  warning  Function '_cardHtml' has too many lines (51). Maximum allowed is 50  max-lines-per-function

/Users/kang-yeonjun/프로젝트/깃허브with원영/itdasy_beauty_app_recent/itdasy-release-audit-20260915/app-instagram.js
  866:3   warning  Unexpected console statement  no-console
  878:11  warning  Unexpected console statement  no-console
  884:11  warning  Unexpected console statement  no-console
  922:7   warning  Unexpected console statement  no-console
  931:3   warning  Unexpected console statement  no-console
  939:9   warning  Unexpected console statement  no-console
  959:7   warning  Unexpected console statement  no-console
  966:3   warning  Unexpected console statement  no-console
  985:18  warning  Unexpected console statement  no-console
  998:3   warning  Unexpected console statement  no-console

/Users/kang-yeonjun/프로젝트/깃허브with원영/itdasy_beauty_app_recent/itdasy-release-audit-20260915/app-myshop-v3.js
  119:28  warning  'brief' is defined but never used. Allowed unused args must match /^_/u         no-unused-vars
  172:11  warning  'mom' is assigned a value but never used. Allowed unused vars must match /^_/u  no-unused-vars

/Users/kang-yeonjun/프로젝트/깃허브with원영/itdasy_beauty_app_recent/itdasy-release-audit-20260915/app-naver-talk-link.js
  24:3  warning  Function '_ensureMounted' has too many lines (76). Maximum allowed is 50  max-lines-per-function

/Users/kang-yeonjun/프로젝트/깃허브with원영/itdasy_beauty_app_recent/itdasy-release-audit-20260915/app-oauth-return.js
  28:3  warning  Function '_handleSocialLogin' has too many lines (62). Maximum allowed is 50  max-lines-per-function

/Users/kang-yeonjun/프로젝트/깃허브with원영/itdasy_beauty_app_recent/itdasy-release-audit-20260915/app-perf-recovery.js
  663:1  warning  File has too many lines (505). Maximum allowed is 500  max-lines

/Users/kang-yeonjun/프로젝트/깃허브with원영/itdasy_beauty_app_recent/itdasy-release-audit-20260915/app-photo-editor-ba-compose.js
  595:1  warning  File has too many lines (701). Maximum allowed is 500  max-lines

/Users/kang-yeonjun/프로젝트/깃허브with원영/itdasy_beauty_app_recent/itdasy-release-audit-20260915/app-photo-editor-bg-compose.js
  169:11  warning  Unexpected console statement  no-console

/Users/kang-yeonjun/프로젝트/깃허브with원영/itdasy_beauty_app_recent/itdasy-release-audit-20260915/app-photo-editor-template-edit-sheet.js
  568:1  warning  File has too many lines (530). Maximum allowed is 500  max-lines

/Users/kang-yeonjun/프로젝트/깃허브with원영/itdasy_beauty_app_recent/itdasy-release-audit-20260915/app-photo-editor-templates-v2.js
  64:3  warning  Function '_ensureSheet' has too many lines (52). Maximum allowed is 50  max-lines-per-function

/Users/kang-yeonjun/프로젝트/깃허브with원영/itdasy_beauty_app_recent/itdasy-release-audit-20260915/app-plan.js
  384:3  warning  Async function 'doPlanAction' has too many lines (70). Maximum allowed is 50  max-lines-per-function

/Users/kang-yeonjun/프로젝트/깃허브with원영/itdasy_beauty_app_recent/itdasy-release-audit-20260915/app-revenue-calendar.js
   73:3  warning  Function '_ensureStyles' has too many lines (52). Maximum allowed is 50  max-lines-per-function
  162:3  warning  Function 'renderInto' has too many lines (70). Maximum allowed is 50     max-lines-per-function

/Users/kang-yeonjun/프로젝트/깃허브with원영/itdasy_beauty_app_recent/itdasy-release-audit-20260915/app-sample-captions.js
  60:3  warning  Function 'openSamplePopup' has too many lines (51). Maximum allowed is 50  max-lines-per-function

/Users/kang-yeonjun/프로젝트/깃허브with원영/itdasy_beauty_app_recent/itdasy-release-audit-20260915/app-service-templates.js
  293:3  warning  Function 'edit' has too many lines (51). Maximum allowed is 50  max-lines-per-function

/Users/kang-yeonjun/프로젝트/깃허브with원영/itdasy_beauty_app_recent/itdasy-release-audit-20260915/app-template-import.js
  177:3  warning  Function '_renderResult' has too many lines (54). Maximum allowed is 50  max-lines-per-function

/Users/kang-yeonjun/프로젝트/깃허브with원영/itdasy_beauty_app_recent/itdasy-release-audit-20260915/js/assistant/core/action-hub.js
  166:3  warning  Function '_safeRoute' has too many lines (80). Maximum allowed is 50  max-lines-per-function

/Users/kang-yeonjun/프로젝트/깃허브with원영/itdasy_beauty_app_recent/itdasy-release-audit-20260915/js/assistant/core/booking-context.js
  310:3  warning  Function '_installActionSupport' has too many lines (54). Maximum allowed is 50  max-lines-per-function

/Users/kang-yeonjun/프로젝트/깃허브with원영/itdasy_beauty_app_recent/itdasy-release-audit-20260915/js/assistant/core/booking-draft.js
  131:3  warning  Async function 'tryDraft' has too many lines (57). Maximum allowed is 50  max-lines-per-function

/Users/kang-yeonjun/프로젝트/깃허브with원영/itdasy_beauty_app_recent/itdasy-release-audit-20260915/js/assistant/core/briefing-priority.js
  22:3  warning  Function '_candidates' has too many lines (58). Maximum allowed is 50  max-lines-per-function

/Users/kang-yeonjun/프로젝트/깃허브with원영/itdasy_beauty_app_recent/itdasy-release-audit-20260915/js/assistant/core/daily-briefing.js
  112:3  warning  Async function 'run' has too many lines (77). Maximum allowed is 50  max-lines-per-function

/Users/kang-yeonjun/프로젝트/깃허브with원영/itdasy_beauty_app_recent/itdasy-release-audit-20260915/js/assistant/core/source-image.js
  20:7  warning  'PRIO' is assigned a value but never used. Allowed unused vars must match /^_/u  no-unused-vars

/Users/kang-yeonjun/프로젝트/깃허브with원영/itdasy_beauty_app_recent/itdasy-release-audit-20260915/js/assistant/photo-brief-parser.js
  93:5  warning  'opts' is assigned a value but never used. Allowed unused vars must match /^_/u  no-unused-vars

/Users/kang-yeonjun/프로젝트/깃허브with원영/itdasy_beauty_app_recent/itdasy-release-audit-20260915/js/assistant/photo-local-handlers.js
  62:3  warning  Function '_register' has too many lines (63). Maximum allowed is 50  max-lines-per-function

/Users/kang-yeonjun/프로젝트/깃허브with원영/itdasy_beauty_app_recent/itdasy-release-audit-20260915/js/assistant/workspace-nl-commands.js
  70:93  warning  'q' is defined but never used. Allowed unused args must match /^_/u  no-unused-vars

/Users/kang-yeonjun/프로젝트/깃허브with원영/itdasy_beauty_app_recent/itdasy-release-audit-20260915/js/caption/caption-loader-ui.js
  35:10  warning  'showCaptionLoader' is defined but never used. Allowed unused vars must match /^_/u  no-unused-vars
  69:10  warning  'hideCaptionLoader' is defined but never used. Allowed unused vars must match /^_/u  no-unused-vars

/Users/kang-yeonjun/프로젝트/깃허브with원영/itdasy_beauty_app_recent/itdasy-release-audit-20260915/js/caption/caption-onboarding.js
   7:16  warning  'showOnboardingCaptionPopup' is defined but never used. Allowed unused vars must match /^_/u  no-unused-vars
  57:16  warning  'saveOnboardingCaption' is defined but never used. Allowed unused vars must match /^_/u       no-unused-vars

/Users/kang-yeonjun/프로젝트/깃허브with원영/itdasy_beauty_app_recent/itdasy-release-audit-20260915/js/caption/caption-photo-row.js
  24:1   warning  Function '_renderCaptionPhotoRow' has too many lines (82). Maximum allowed is 50  max-lines-per-function
  44:35  warning  Arrow function has too many lines (60). Maximum allowed is 50                     max-lines-per-function

/Users/kang-yeonjun/프로젝트/깃허브with원영/itdasy_beauty_app_recent/itdasy-release-audit-20260915/js/caption/caption-publish.js
  13:10  warning  'openInstagramProfile' is defined but never used. Allowed unused vars must match /^_/u  no-unused-vars
  18:10  warning  'closeUploadDone' is defined but never used. Allowed unused vars must match /^_/u       no-unused-vars
  23:16  warning  'doActualPublish' is defined but never used. Allowed unused vars must match /^_/u       no-unused-vars
  74:10  warning  'copyCaption' is defined but never used. Allowed unused vars must match /^_/u           no-unused-vars
  78:10  warning  'copyAll' is defined but never used. Allowed unused vars must match /^_/u               no-unused-vars
  83:10  warning  'flashBtn' is defined but never used. Allowed unused vars must match /^_/u              no-unused-vars

/Users/kang-yeonjun/프로젝트/깃허브with원영/itdasy_beauty_app_recent/itdasy-release-audit-20260915/js/home/v41-renderers.js
  282:25  warning  'brief' is defined but never used. Allowed unused args must match /^_/u         no-unused-vars
  335:3   warning  Function 'renderItbiCard' has too many lines (118). Maximum allowed is 50       max-lines-per-function
  495:30  warning  'dmQueueCount' is defined but never used. Allowed unused args must match /^_/u  no-unused-vars
  612:1   warning  File has too many lines (564). Maximum allowed is 500                           max-lines

/Users/kang-yeonjun/프로젝트/깃허브with원영/itdasy_beauty_app_recent/itdasy-release-audit-20260915/js/instagram/token-status.js
  135:3  warning  Function 'describe' has too many lines (55). Maximum allowed is 50  max-lines-per-function

/Users/kang-yeonjun/프로젝트/깃허브with원영/itdasy_beauty_app_recent/itdasy-release-audit-20260915/js/itd-editor/itd-editor.js
   590:1   warning  File has too many lines (3288). Maximum allowed is 500                       max-lines
  1131:3   warning  Function '_applyInverse' has too many lines (97). Maximum allowed is 50      max-lines-per-function
  1593:3   warning  Function '_addShopLayerText' has too many lines (61). Maximum allowed is 50  max-lines-per-function
  3024:3   warning  Function 'exportComposite' has too many lines (166). Maximum allowed is 50   max-lines-per-function
  3137:17  warning  Function has too many lines (64). Maximum allowed is 50                      max-lines-per-function
  3139:24  warning  Function has too many lines (59). Maximum allowed is 50                      max-lines-per-function
  3258:3   warning  Function 'wire' has too many lines (212). Maximum allowed is 50              max-lines-per-function
  3969:3   warning  Function 'open' has too many lines (111). Maximum allowed is 50              max-lines-per-function

/Users/kang-yeonjun/프로젝트/깃허브with원영/itdasy_beauty_app_recent/itdasy-release-audit-20260915/js/photo-editor/beauty-engine.js
   41:9  warning  'LASH_GLOBAL_FALLBACK' is assigned a value but never used. Allowed unused vars must match /^_/u  no-unused-vars
  248:3  warning  Function '_pixel' has too many lines (56). Maximum allowed is 50                                 max-lines-per-function
  629:1  warning  File has too many lines (615). Maximum allowed is 500                                            max-lines
  636:3  warning  Function '_applySharpen' has too many lines (53). Maximum allowed is 50                          max-lines-per-function
  709:3  warning  Function 'apply' has too many lines (54). Maximum allowed is 50                                  max-lines-per-function

/Users/kang-yeonjun/프로젝트/깃허브with원영/itdasy_beauty_app_recent/itdasy-release-audit-20260915/js/photo-editor/mask-application.js
  293:17  warning  Unexpected console statement  no-console
  294:7   warning  Unexpected console statement  no-console

/Users/kang-yeonjun/프로젝트/깃허브with원영/itdasy_beauty_app_recent/itdasy-release-audit-20260915/js/photo-editor/mask-debug-overlay.js
  148:22  warning  Unexpected console statement  no-console
  149:9   warning  Unexpected console statement  no-console
  150:9   warning  Unexpected console statement  no-console
  151:9   warning  Unexpected console statement  no-console
  152:29  warning  Unexpected console statement  no-console
  153:9   warning  Unexpected console statement  no-console

/Users/kang-yeonjun/프로젝트/깃허브with원영/itdasy_beauty_app_recent/itdasy-release-audit-20260915/js/photo-editor/photo-effect-debug.js
   34:3   warning  Function '_synth' has too many lines (64). Maximum allowed is 50  max-lines-per-function
  212:23  warning  Unexpected console statement                                      no-console
  255:25  warning  Unexpected console statement                                      no-console
  255:40  warning  Unexpected console statement                                      no-console
  273:5   warning  Unexpected console statement                                      no-console
  282:5   warning  Unexpected console statement                                      no-console
  283:5   warning  Unexpected console statement                                      no-console

/Users/kang-yeonjun/프로젝트/깃허브with원영/itdasy_beauty_app_recent/itdasy-release-audit-20260915/js/photo-editor/premium-templates.js
  451:3  warning  Function '_drawV3Price' has too many lines (72). Maximum allowed is 50  max-lines-per-function
  573:1  warning  File has too many lines (599). Maximum allowed is 500                   max-lines

/Users/kang-yeonjun/프로젝트/깃허브with원영/itdasy_beauty_app_recent/itdasy-release-audit-20260915/js/photo-editor/region-mask-provider.js
  221:3   warning  Async function '_tier3_heuristic' has too many lines (54). Maximum allowed is 50      max-lines-per-function
  281:3   warning  Async function '_tier3_nailHeuristic' has too many lines (63). Maximum allowed is 50  max-lines-per-function
  348:3   warning  Async function '_computeRegion' has too many lines (239). Maximum allowed is 50       max-lines-per-function
  455:15  warning  Unexpected console statement                                                          no-console
  609:1   warning  File has too many lines (599). Maximum allowed is 500                                 max-lines

/Users/kang-yeonjun/프로젝트/깃허브with원영/itdasy_beauty_app_recent/itdasy-release-audit-20260915/js/photo-editor/template-renderer-beauty-pack-draws.js
  387:3  warning  Function '_skEventSpringMixed' has too many lines (79). Maximum allowed is 50  max-lines-per-function
  604:1  warning  File has too many lines (609). Maximum allowed is 500                          max-lines

/Users/kang-yeonjun/프로젝트/깃허브with원영/itdasy_beauty_app_recent/itdasy-release-audit-20260915/js/photo-editor/template-renderer-beauty-pack.js
  144:38  warning  'c' is defined but never used. Allowed unused args must match /^_/u  no-unused-vars
  151:39  warning  'c' is defined but never used. Allowed unused args must match /^_/u  no-unused-vars
  157:36  warning  'c' is defined but never used. Allowed unused args must match /^_/u  no-unused-vars
  219:39  warning  'c' is defined but never used. Allowed unused args must match /^_/u  no-unused-vars

/Users/kang-yeonjun/프로젝트/깃허브with원영/itdasy_beauty_app_recent/itdasy-release-audit-20260915/js/photo-editor/template-renderer-wm-pack-draws.js
  137:40  warning  'c' is defined but never used. Allowed unused args must match /^_/u  no-unused-vars

/Users/kang-yeonjun/프로젝트/깃허브with원영/itdasy_beauty_app_recent/itdasy-release-audit-20260915/js/photo/__tests__/ig-style-library.test.js
  207:21  warning  'o' is defined but never used. Allowed unused args must match /^_/u  no-unused-vars

/Users/kang-yeonjun/프로젝트/깃허브with원영/itdasy_beauty_app_recent/itdasy-release-audit-20260915/js/photo/__tests__/instagram-text-style.test.js
  169:9  warning  'E2E' is assigned a value but never used. Allowed unused vars must match /^_/u  no-unused-vars

/Users/kang-yeonjun/프로젝트/깃허브with원영/itdasy_beauty_app_recent/itdasy-release-audit-20260915/js/photo/edit-plan.js
  190:3  warning  Function '_build' has too many lines (99). Maximum allowed is 50  max-lines-per-function

/Users/kang-yeonjun/프로젝트/깃허브with원영/itdasy_beauty_app_recent/itdasy-release-audit-20260915/js/photo/ig-post-analysis.js
  184:3  warning  Function 'collect' has too many lines (54). Maximum allowed is 50  max-lines-per-function

/Users/kang-yeonjun/프로젝트/깃허브with원영/itdasy_beauty_app_recent/itdasy-release-audit-20260915/js/photo/ig-style-sheet.js
  246:3  warning  Function '_renderDetail' has too many lines (62). Maximum allowed is 50  max-lines-per-function
  371:3  warning  Function '_onClick' has too many lines (81). Maximum allowed is 50       max-lines-per-function

/Users/kang-yeonjun/프로젝트/깃허브with원영/itdasy_beauty_app_recent/itdasy-release-audit-20260915/js/photo/instagram-text-style.js
  210:3  warning  Function '_aggregate' has too many lines (59). Maximum allowed is 50  max-lines-per-function
  311:3  warning  Function 'build' has too many lines (52). Maximum allowed is 50       max-lines-per-function

/Users/kang-yeonjun/프로젝트/깃허브with원영/itdasy_beauty_app_recent/itdasy-release-audit-20260915/js/photo/photo-context.js
   84:3   warning  Function '_analyzePixels' has too many lines (107). Maximum allowed is 50  max-lines-per-function
  266:37  warning  Unexpected console statement                                               no-console

/Users/kang-yeonjun/프로젝트/깃허브with원영/itdasy_beauty_app_recent/itdasy-release-audit-20260915/js/photo/safety-gate.js
  48:3  warning  Function 'judge' has too many lines (56). Maximum allowed is 50  max-lines-per-function

/Users/kang-yeonjun/프로젝트/깃허브with원영/itdasy_beauty_app_recent/itdasy-release-audit-20260915/js/photo/safety-readout.js
   92:3   warning  Function 'show' has too many lines (53). Maximum allowed is 50  max-lines-per-function
   95:11  warning  Unexpected console statement                                    no-console
  171:47  warning  Unexpected console statement                                    no-console

/Users/kang-yeonjun/프로젝트/깃허브with원영/itdasy_beauty_app_recent/itdasy-release-audit-20260915/js/photo/shop-baseline.js
   98:3   warning  Function 'resolve' has too many lines (77). Maximum allowed is 50  max-lines-per-function
  110:13  warning  Function has too many lines (65). Maximum allowed is 50            max-lines-per-function

/Users/kang-yeonjun/프로젝트/깃허브with원영/itdasy_beauty_app_recent/itdasy-release-audit-20260915/js/revenue-edit.js
  61:3  warning  Function 'toggle' has too many lines (143). Maximum allowed is 50  max-lines-per-function

/Users/kang-yeonjun/프로젝트/깃허브with원영/itdasy_beauty_app_recent/itdasy-release-audit-20260915/js/workspace/__tests__/phase1-observation.test.js
  145:9  warning  'SCAN_DIRS' is assigned a value but never used. Allowed unused vars must match /^_/u  no-unused-vars
  636:1  warning  File has too many lines (612). Maximum allowed is 500                                 max-lines

/Users/kang-yeonjun/프로젝트/깃허브with원영/itdasy_beauty_app_recent/itdasy-release-audit-20260915/js/workspace/__tests__/workspace-perf.test.js
  331:9  warning  'mkPost' is assigned a value but never used. Allowed unused vars must match /^_/u  no-unused-vars

/Users/kang-yeonjun/프로젝트/깃허브with원영/itdasy_beauty_app_recent/itdasy-release-audit-20260915/js/workspace/flow/connect.js
  6:3  warning  Function 'create' has too many lines (91). Maximum allowed is 50  max-lines-per-function

/Users/kang-yeonjun/프로젝트/깃허브with원영/itdasy_beauty_app_recent/itdasy-release-audit-20260915/js/workspace/flow/layout.js
  15:3  warning  Function 'create' has too many lines (426). Maximum allowed is 50  max-lines-per-function

/Users/kang-yeonjun/프로젝트/깃허브with원영/itdasy_beauty_app_recent/itdasy-release-audit-20260915/js/workspace/layout/slot-stage.js
  11:3  warning  Function 'mount' has too many lines (76). Maximum allowed is 50  max-lines-per-function

/Users/kang-yeonjun/프로젝트/깃허브with원영/itdasy_beauty_app_recent/itdasy-release-audit-20260915/js/workspace/wm-metrics.js
  259:3  warning  Function 'observePublish' has too many lines (60). Maximum allowed is 50  max-lines-per-function
  385:3  warning  Function 'report' has too many lines (64). Maximum allowed is 50          max-lines-per-function

/Users/kang-yeonjun/프로젝트/깃허브with원영/itdasy_beauty_app_recent/itdasy-release-audit-20260915/js/workspace/work-memory-persona.js
  127:3  warning  Function 'score' has too many lines (52). Maximum allowed is 50  max-lines-per-function

/Users/kang-yeonjun/프로젝트/깃허브with원영/itdasy_beauty_app_recent/itdasy-release-audit-20260915/js/workspace/work-memory-personalize.js
  160:3  warning  Function 'resolveFeaturePatch' has too many lines (76). Maximum allowed is 50  max-lines-per-function

/Users/kang-yeonjun/프로젝트/깃허브with원영/itdasy_beauty_app_recent/itdasy-release-audit-20260915/js/workspace/work-memory-preferences.js
  261:13  warning  '후보' is defined but never used. Allowed unused vars must match /^_/u       no-unused-vars
  261:16  warning  '—' is defined but never used. Allowed unused vars must match /^_/u        no-unused-vars
  261:18  warning  '특정' is defined but never used. Allowed unused vars must match /^_/u       no-unused-vars
  261:21  warning  'memory' is defined but never used. Allowed unused vars must match /^_/u   no-unused-vars
  261:28  warning  '하나에서' is defined but never used. Allowed unused vars must match /^_/u     no-unused-vars
  261:33  warning  '반복된' is defined but never used. Allowed unused vars must match /^_/u      no-unused-vars
  261:37  warning  '것만으로는' is defined but never used. Allowed unused vars must match /^_/u    no-unused-vars
  261:43  warning  '절대' is defined but never used. Allowed unused vars must match /^_/u       no-unused-vars
  261:46  warning  '승격되지' is defined but never used. Allowed unused vars must match /^_/u     no-unused-vars
  261:51  warning  '않는다.' is defined but never used. Allowed unused vars must match /^_/u     no-unused-vars
  262:6   warning  '서로' is defined but never used. Allowed unused vars must match /^_/u       no-unused-vars
  262:9   warning  '다른' is defined but never used. Allowed unused vars must match /^_/u       no-unused-vars
  262:19  warning  '**와**' is defined but never used. Allowed unused vars must match /^_/u    no-unused-vars
  262:25  warning  'context' is defined but never used. Allowed unused vars must match /^_/u  no-unused-vars
  262:33  warning  '양쪽에서' is defined but never used. Allowed unused vars must match /^_/u     no-unused-vars
  262:38  warning  '같은' is defined but never used. Allowed unused vars must match /^_/u       no-unused-vars
  262:41  warning  '값이' is defined but never used. Allowed unused vars must match /^_/u       no-unused-vars
  262:44  warning  '반복돼야' is defined but never used. Allowed unused vars must match /^_/u     no-unused-vars
  262:49  warning  '"이' is defined but never used. Allowed unused vars must match /^_/u       no-unused-vars
  262:52  warning  '원장의' is defined but never used. Allowed unused vars must match /^_/u      no-unused-vars
  262:56  warning  '전역' is defined but never used. Allowed unused vars must match /^_/u       no-unused-vars
  262:59  warning  '취향"' is defined but never used. Allowed unused vars must match /^_/u      no-unused-vars
  262:63  warning  '으로' is defined but never used. Allowed unused vars must match /^_/u       no-unused-vars
  262:66  warning  '본다.' is defined but never used. Allowed unused vars must match /^_/u      no-unused-vars

/Users/kang-yeonjun/프로젝트/깃허브with원영/itdasy_beauty_app_recent/itdasy-release-audit-20260915/js/workspace/work-memory.js
  445:3  warning  Function 'captureFromSlot' has too many lines (51). Maximum allowed is 50  max-lines-per-function
  656:1  warning  File has too many lines (556). Maximum allowed is 500                      max-lines

/Users/kang-yeonjun/프로젝트/깃허브with원영/itdasy_beauty_app_recent/itdasy-release-audit-20260915/js/workspace/workspace-adapter.js
  225:59  warning  Unexpected console statement                                                no-console
  613:1   warning  File has too many lines (640). Maximum allowed is 500                       max-lines
  619:26  warning  Method 'publishInstagramV2' has too many lines (73). Maximum allowed is 50  max-lines-per-function

/Users/kang-yeonjun/프로젝트/깃허브with원영/itdasy_beauty_app_recent/itdasy-release-audit-20260915/js/workspace/workspace-perf.js
  472:3  warning  Function '_compareHtml' has too many lines (54). Maximum allowed is 50  max-lines-per-function
  604:3  warning  Function '_rowHtml' has too many lines (52). Maximum allowed is 50      max-lines-per-function
  732:1  warning  File has too many lines (690). Maximum allowed is 500                   max-lines

/Users/kang-yeonjun/프로젝트/깃허브with원영/itdasy_beauty_app_recent/itdasy-release-audit-20260915/js/workspace/workspace-settings.js
  346:3  warning  Function '_onClick' has too many lines (107). Maximum allowed is 50  max-lines-per-function

/Users/kang-yeonjun/프로젝트/깃허브with원영/itdasy_beauty_app_recent/itdasy-release-audit-20260915/js/workspace/workspace-sync.js
   53:62  warning  Unexpected console statement                           no-console
  705:1   warning  File has too many lines (617). Maximum allowed is 500  max-lines

/Users/kang-yeonjun/프로젝트/깃허브with원영/itdasy_beauty_app_recent/itdasy-release-audit-20260915/js/workspace/workspace-tpl-edit.js
  140:3  warning  Function 'open' has too many lines (100). Maximum allowed is 50                  max-lines-per-function
  150:9  warning  'orig' is assigned a value but never used. Allowed unused vars must match /^_/u  no-unused-vars

/Users/kang-yeonjun/프로젝트/깃허브with원영/itdasy_beauty_app_recent/itdasy-release-audit-20260915/js/workspace/workspace-v2-flow.js
    12:65   warning  'barClass' is assigned a value but never used. Allowed unused vars must match /^_/u        no-unused-vars
    41:8    warning  'MAIN_TOOLS' is assigned a value but never used. Allowed unused vars must match /^_/u      no-unused-vars
    49:8    warning  'PRECISION_TABS' is assigned a value but never used. Allowed unused vars must match /^_/u  no-unused-vars
   621:3    warning  Function '_openStoryEditor' has too many lines (193). Maximum allowed is 50                max-lines-per-function
   754:1    warning  File has too many lines (2830). Maximum allowed is 500                                     max-lines
   811:15   warning  Method 'onDone' has too many lines (64). Maximum allowed is 50                             max-lines-per-function
  2288:4    warning  Function 'doGenerate' has too many lines (141). Maximum allowed is 50                      max-lines-per-function
  2401:56   warning  Function has too many lines (52). Maximum allowed is 50                                    max-lines-per-function
  2487:3    warning  Function 'bind' has too many lines (151). Maximum allowed is 50                            max-lines-per-function
  2488:34   warning  Function has too many lines (117). Maximum allowed is 50                                   max-lines-per-function
  2882:13   warning  'bakeEdit' is defined but never used. Allowed unused vars must match /^_/u                 no-unused-vars
  3422:4    warning  Function 'publish' has too many lines (157). Maximum allowed is 50                         max-lines-per-function
  3546:116  warning  Function has too many lines (74). Maximum allowed is 50                                    max-lines-per-function
  3571:191  warning  Function has too many lines (56). Maximum allowed is 50                                    max-lines-per-function
  3671:3    warning  Function 'open' has too many lines (96). Maximum allowed is 50                             max-lines-per-function
  3906:3    warning  Function 'command' has too many lines (51). Maximum allowed is 50                          max-lines-per-function

/Users/kang-yeonjun/프로젝트/깃허브with원영/itdasy_beauty_app_recent/itdasy-release-audit-20260915/js/workspace/workspace-v2-home.js
   15:7   warning  'DRAWER_HINT' is assigned a value but never used. Allowed unused vars must match /^_/u  no-unused-vars
  342:4   warning  Function '_bind' has too many lines (63). Maximum allowed is 50                         max-lines-per-function
  343:20  warning  Function has too many lines (61). Maximum allowed is 50                                 max-lines-per-function
  600:3   warning  Function '_openDrawer' has too many lines (56). Maximum allowed is 50                   max-lines-per-function
  607:1   warning  File has too many lines (557). Maximum allowed is 500                                   max-lines

✖ 203 problems (0 errors, 203 warnings)

ESLint found too many warnings (maximum: 0).

/Users/kang-yeonjun/프로젝트/깃허브with원영/itdasy_beauty_app_recent/itdasy-release-audit-20260915/app-assistant.js
  671:35  warning  'idx' is defined but never used. Allowed unused args must match /^_/u  no-unused-vars

/Users/kang-yeonjun/프로젝트/깃허브with원영/itdasy_beauty_app_recent/itdasy-release-audit-20260915/app-comment-reply-queue.js
  638:3   warning  Function '_groupedHtml' has too many lines (53). Maximum allowed is 50     max-lines-per-function
  758:1   warning  File has too many lines (919). Maximum allowed is 500                      max-lines
  791:3   warning  Function '_ensureMounted' has too many lines (150). Maximum allowed is 50  max-lines-per-function
  824:34  warning  Function has too many lines (116). Maximum allowed is 50                   max-lines-per-function

/Users/kang-yeonjun/프로젝트/깃허브with원영/itdasy_beauty_app_recent/itdasy-release-audit-20260915/app-customer-dashboard.js
  347:3   warning  Function '_bindDetailV4' has too many lines (61). Maximum allowed is 50  max-lines-per-function
  350:56  warning  Arrow function has too many lines (57). Maximum allowed is 50            max-lines-per-function
  351:37  warning  Arrow function has too many lines (55). Maximum allowed is 50            max-lines-per-function
  615:1   warning  File has too many lines (539). Maximum allowed is 500                    max-lines

/Users/kang-yeonjun/프로젝트/깃허브with원영/itdasy_beauty_app_recent/itdasy-release-audit-20260915/app-dm-booking-form.js
  138:3  warning  Function '_bind' has too many lines (53). Maximum allowed is 50  max-lines-per-function

/Users/kang-yeonjun/프로젝트/깃허브with원영/itdasy_beauty_app_recent/itdasy-release-audit-20260915/app-dm-confirm-queue.js
  883:13  warning  'undoLogId' is assigned a value but never used. Allowed unused vars must match /^_/u  no-unused-vars

/Users/kang-yeonjun/프로젝트/깃허브with원영/itdasy_beauty_app_recent/itdasy-release-audit-20260915/app-dm-menu.js
  139:3  warning  Function '_styleOnce' has too many lines (118). Maximum allowed is 50  max-lines-per-function
  353:3  warning  Function '_render' has too many lines (83). Maximum allowed is 50      max-lines-per-function
  441:3  warning  Function '_onClick' has too many lines (96). Maximum allowed is 50     max-lines-per-function
  567:1  warning  File has too many lines (756). Maximum allowed is 500                  max-lines

/Users/kang-yeonjun/프로젝트/깃허브with원영/itdasy_beauty_app_recent/itdasy-release-audit-20260915/app-dm-preview.js
  20:3  warning  Function '_styleOnce' has too many lines (67). Maximum allowed is 50  max-lines-per-function

/Users/kang-yeonjun/프로젝트/깃허브with원영/itdasy_beauty_app_recent/itdasy-release-audit-20260915/app-feed-planner.js
  10:7   warning  'COLS' is assigned a value but never used. Allowed unused vars must match /^_/u  no-unused-vars
  13:12  warning  'haptic' is defined but never used. Allowed unused vars must match /^_/u         no-unused-vars

/Users/kang-yeonjun/프로젝트/깃허브with원영/itdasy_beauty_app_recent/itdasy-release-audit-20260915/app-gallery-db.js
  72:1   warning  Function 'openGalleryDB' has too many lines (66). Maximum allowed is 50  max-lines-per-function
  73:22  warning  Arrow function has too many lines (64). Maximum allowed is 50            max-lines-per-function

/Users/kang-yeonjun/프로젝트/깃허브with원영/itdasy_beauty_app_recent/itdasy-release-audit-20260915/app-gallery-review.js
  73:1  warning  Function '_renderReviewPanel' has too many lines (52). Maximum allowed is 50  max-lines-per-function

/Users/kang-yeonjun/프로젝트/깃허브with원영/itdasy_beauty_app_recent/itdasy-release-audit-20260915/app-home-customer-msgs.js
  238:3   warning  Function '_bindDelegation' has too many lines (64). Maximum allowed is 50  max-lines-per-function
  241:45  warning  Arrow function has too many lines (60). Maximum allowed is 50              max-lines-per-function

/Users/kang-yeonjun/프로젝트/깃허브with원영/itdasy_beauty_app_recent/itdasy-release-audit-20260915/app-home-v41.js
  257:3  warning  Function '_bindItbiCardInput' has too many lines (59). Maximum allowed is 50  max-lines-per-function

/Users/kang-yeonjun/프로젝트/깃허브with원영/itdasy_beauty_app_recent/itdasy-release-audit-20260915/app-ig-connect-warn.js
  69:3  warning  Function '_cardHtml' has too many lines (51). Maximum allowed is 50  max-lines-per-function

/Users/kang-yeonjun/프로젝트/깃허브with원영/itdasy_beauty_app_recent/itdasy-release-audit-20260915/app-instagram.js
  866:3   warning  Unexpected console statement  no-console
  878:11  warning  Unexpected console statement  no-console
  884:11  warning  Unexpected console statement  no-console
  922:7   warning  Unexpected console statement  no-console
  931:3   warning  Unexpected console statement  no-console
  939:9   warning  Unexpected console statement  no-console
  959:7   warning  Unexpected console statement  no-console
  966:3   warning  Unexpected console statement  no-console
  985:18  warning  Unexpected console statement  no-console
  998:3   warning  Unexpected console statement  no-console

/Users/kang-yeonjun/프로젝트/깃허브with원영/itdasy_beauty_app_recent/itdasy-release-audit-20260915/app-myshop-v3.js
  119:28  warning  'brief' is defined but never used. Allowed unused args must match /^_/u         no-unused-vars
  172:11  warning  'mom' is assigned a value but never used. Allowed unused vars must match /^_/u  no-unused-vars

/Users/kang-yeonjun/프로젝트/깃허브with원영/itdasy_beauty_app_recent/itdasy-release-audit-20260915/app-naver-talk-link.js
  24:3  warning  Function '_ensureMounted' has too many lines (76). Maximum allowed is 50  max-lines-per-function

/Users/kang-yeonjun/프로젝트/깃허브with원영/itdasy_beauty_app_recent/itdasy-release-audit-20260915/app-oauth-return.js
  28:3  warning  Function '_handleSocialLogin' has too many lines (62). Maximum allowed is 50  max-lines-per-function

/Users/kang-yeonjun/프로젝트/깃허브with원영/itdasy_beauty_app_recent/itdasy-release-audit-20260915/app-perf-recovery.js
  663:1  warning  File has too many lines (505). Maximum allowed is 500  max-lines

/Users/kang-yeonjun/프로젝트/깃허브with원영/itdasy_beauty_app_recent/itdasy-release-audit-20260915/app-photo-editor-ba-compose.js
  595:1  warning  File has too many lines (701). Maximum allowed is 500  max-lines

/Users/kang-yeonjun/프로젝트/깃허브with원영/itdasy_beauty_app_recent/itdasy-release-audit-20260915/app-photo-editor-bg-compose.js
  169:11  warning  Unexpected console statement  no-console

/Users/kang-yeonjun/프로젝트/깃허브with원영/itdasy_beauty_app_recent/itdasy-release-audit-20260915/app-photo-editor-template-edit-sheet.js
  568:1  warning  File has too many lines (530). Maximum allowed is 500  max-lines

/Users/kang-yeonjun/프로젝트/깃허브with원영/itdasy_beauty_app_recent/itdasy-release-audit-20260915/app-photo-editor-templates-v2.js
  64:3  warning  Function '_ensureSheet' has too many lines (52). Maximum allowed is 50  max-lines-per-function

/Users/kang-yeonjun/프로젝트/깃허브with원영/itdasy_beauty_app_recent/itdasy-release-audit-20260915/app-plan.js
  384:3  warning  Async function 'doPlanAction' has too many lines (70). Maximum allowed is 50  max-lines-per-function

/Users/kang-yeonjun/프로젝트/깃허브with원영/itdasy_beauty_app_recent/itdasy-release-audit-20260915/app-revenue-calendar.js
   73:3  warning  Function '_ensureStyles' has too many lines (52). Maximum allowed is 50  max-lines-per-function
  162:3  warning  Function 'renderInto' has too many lines (70). Maximum allowed is 50     max-lines-per-function

/Users/kang-yeonjun/프로젝트/깃허브with원영/itdasy_beauty_app_recent/itdasy-release-audit-20260915/app-sample-captions.js
  60:3  warning  Function 'openSamplePopup' has too many lines (51). Maximum allowed is 50  max-lines-per-function

/Users/kang-yeonjun/프로젝트/깃허브with원영/itdasy_beauty_app_recent/itdasy-release-audit-20260915/app-service-templates.js
  293:3  warning  Function 'edit' has too many lines (51). Maximum allowed is 50  max-lines-per-function

/Users/kang-yeonjun/프로젝트/깃허브with원영/itdasy_beauty_app_recent/itdasy-release-audit-20260915/app-template-import.js
  177:3  warning  Function '_renderResult' has too many lines (54). Maximum allowed is 50  max-lines-per-function

/Users/kang-yeonjun/프로젝트/깃허브with원영/itdasy_beauty_app_recent/itdasy-release-audit-20260915/js/assistant/core/action-hub.js
  166:3  warning  Function '_safeRoute' has too many lines (80). Maximum allowed is 50  max-lines-per-function

/Users/kang-yeonjun/프로젝트/깃허브with원영/itdasy_beauty_app_recent/itdasy-release-audit-20260915/js/assistant/core/booking-context.js
  310:3  warning  Function '_installActionSupport' has too many lines (54). Maximum allowed is 50  max-lines-per-function

/Users/kang-yeonjun/프로젝트/깃허브with원영/itdasy_beauty_app_recent/itdasy-release-audit-20260915/js/assistant/core/booking-draft.js
  131:3  warning  Async function 'tryDraft' has too many lines (57). Maximum allowed is 50  max-lines-per-function

/Users/kang-yeonjun/프로젝트/깃허브with원영/itdasy_beauty_app_recent/itdasy-release-audit-20260915/js/assistant/core/briefing-priority.js
  22:3  warning  Function '_candidates' has too many lines (58). Maximum allowed is 50  max-lines-per-function

/Users/kang-yeonjun/프로젝트/깃허브with원영/itdasy_beauty_app_recent/itdasy-release-audit-20260915/js/assistant/core/daily-briefing.js
  112:3  warning  Async function 'run' has too many lines (77). Maximum allowed is 50  max-lines-per-function

/Users/kang-yeonjun/프로젝트/깃허브with원영/itdasy_beauty_app_recent/itdasy-release-audit-20260915/js/assistant/core/source-image.js
  20:7  warning  'PRIO' is assigned a value but never used. Allowed unused vars must match /^_/u  no-unused-vars

/Users/kang-yeonjun/프로젝트/깃허브with원영/itdasy_beauty_app_recent/itdasy-release-audit-20260915/js/assistant/photo-brief-parser.js
  93:5  warning  'opts' is assigned a value but never used. Allowed unused vars must match /^_/u  no-unused-vars

/Users/kang-yeonjun/프로젝트/깃허브with원영/itdasy_beauty_app_recent/itdasy-release-audit-20260915/js/assistant/photo-local-handlers.js
  62:3  warning  Function '_register' has too many lines (63). Maximum allowed is 50  max-lines-per-function

/Users/kang-yeonjun/프로젝트/깃허브with원영/itdasy_beauty_app_recent/itdasy-release-audit-20260915/js/assistant/workspace-nl-commands.js
  70:93  warning  'q' is defined but never used. Allowed unused args must match /^_/u  no-unused-vars

/Users/kang-yeonjun/프로젝트/깃허브with원영/itdasy_beauty_app_recent/itdasy-release-audit-20260915/js/caption/caption-loader-ui.js
  35:10  warning  'showCaptionLoader' is defined but never used. Allowed unused vars must match /^_/u  no-unused-vars
  69:10  warning  'hideCaptionLoader' is defined but never used. Allowed unused vars must match /^_/u  no-unused-vars

/Users/kang-yeonjun/프로젝트/깃허브with원영/itdasy_beauty_app_recent/itdasy-release-audit-20260915/js/caption/caption-onboarding.js
   7:16  warning  'showOnboardingCaptionPopup' is defined but never used. Allowed unused vars must match /^_/u  no-unused-vars
  57:16  warning  'saveOnboardingCaption' is defined but never used. Allowed unused vars must match /^_/u       no-unused-vars

/Users/kang-yeonjun/프로젝트/깃허브with원영/itdasy_beauty_app_recent/itdasy-release-audit-20260915/js/caption/caption-photo-row.js
  24:1   warning  Function '_renderCaptionPhotoRow' has too many lines (82). Maximum allowed is 50  max-lines-per-function
  44:35  warning  Arrow function has too many lines (60). Maximum allowed is 50                     max-lines-per-function

/Users/kang-yeonjun/프로젝트/깃허브with원영/itdasy_beauty_app_recent/itdasy-release-audit-20260915/js/caption/caption-publish.js
  13:10  warning  'openInstagramProfile' is defined but never used. Allowed unused vars must match /^_/u  no-unused-vars
  18:10  warning  'closeUploadDone' is defined but never used. Allowed unused vars must match /^_/u       no-unused-vars
  23:16  warning  'doActualPublish' is defined but never used. Allowed unused vars must match /^_/u       no-unused-vars
  74:10  warning  'copyCaption' is defined but never used. Allowed unused vars must match /^_/u           no-unused-vars
  78:10  warning  'copyAll' is defined but never used. Allowed unused vars must match /^_/u               no-unused-vars
  83:10  warning  'flashBtn' is defined but never used. Allowed unused vars must match /^_/u              no-unused-vars

/Users/kang-yeonjun/프로젝트/깃허브with원영/itdasy_beauty_app_recent/itdasy-release-audit-20260915/js/home/v41-renderers.js
  282:25  warning  'brief' is defined but never used. Allowed unused args must match /^_/u         no-unused-vars
  335:3   warning  Function 'renderItbiCard' has too many lines (118). Maximum allowed is 50       max-lines-per-function
  495:30  warning  'dmQueueCount' is defined but never used. Allowed unused args must match /^_/u  no-unused-vars
  612:1   warning  File has too many lines (564). Maximum allowed is 500                           max-lines

/Users/kang-yeonjun/프로젝트/깃허브with원영/itdasy_beauty_app_recent/itdasy-release-audit-20260915/js/instagram/token-status.js
  135:3  warning  Function 'describe' has too many lines (55). Maximum allowed is 50  max-lines-per-function

/Users/kang-yeonjun/프로젝트/깃허브with원영/itdasy_beauty_app_recent/itdasy-release-audit-20260915/js/itd-editor/itd-editor.js
   590:1   warning  File has too many lines (3288). Maximum allowed is 500                       max-lines
  1131:3   warning  Function '_applyInverse' has too many lines (97). Maximum allowed is 50      max-lines-per-function
  1593:3   warning  Function '_addShopLayerText' has too many lines (61). Maximum allowed is 50  max-lines-per-function
  3024:3   warning  Function 'exportComposite' has too many lines (166). Maximum allowed is 50   max-lines-per-function
  3137:17  warning  Function has too many lines (64). Maximum allowed is 50                      max-lines-per-function
  3139:24  warning  Function has too many lines (59). Maximum allowed is 50                      max-lines-per-function
  3258:3   warning  Function 'wire' has too many lines (212). Maximum allowed is 50              max-lines-per-function
  3969:3   warning  Function 'open' has too many lines (111). Maximum allowed is 50              max-lines-per-function

/Users/kang-yeonjun/프로젝트/깃허브with원영/itdasy_beauty_app_recent/itdasy-release-audit-20260915/js/photo-editor/beauty-engine.js
   41:9  warning  'LASH_GLOBAL_FALLBACK' is assigned a value but never used. Allowed unused vars must match /^_/u  no-unused-vars
  248:3  warning  Function '_pixel' has too many lines (56). Maximum allowed is 50                                 max-lines-per-function
  629:1  warning  File has too many lines (615). Maximum allowed is 500                                            max-lines
  636:3  warning  Function '_applySharpen' has too many lines (53). Maximum allowed is 50                          max-lines-per-function
  709:3  warning  Function 'apply' has too many lines (54). Maximum allowed is 50                                  max-lines-per-function

/Users/kang-yeonjun/프로젝트/깃허브with원영/itdasy_beauty_app_recent/itdasy-release-audit-20260915/js/photo-editor/mask-application.js
  293:17  warning  Unexpected console statement  no-console
  294:7   warning  Unexpected console statement  no-console

/Users/kang-yeonjun/프로젝트/깃허브with원영/itdasy_beauty_app_recent/itdasy-release-audit-20260915/js/photo-editor/mask-debug-overlay.js
  148:22  warning  Unexpected console statement  no-console
  149:9   warning  Unexpected console statement  no-console
  150:9   warning  Unexpected console statement  no-console
  151:9   warning  Unexpected console statement  no-console
  152:29  warning  Unexpected console statement  no-console
  153:9   warning  Unexpected console statement  no-console

/Users/kang-yeonjun/프로젝트/깃허브with원영/itdasy_beauty_app_recent/itdasy-release-audit-20260915/js/photo-editor/photo-effect-debug.js
   34:3   warning  Function '_synth' has too many lines (64). Maximum allowed is 50  max-lines-per-function
  212:23  warning  Unexpected console statement                                      no-console
  255:25  warning  Unexpected console statement                                      no-console
  255:40  warning  Unexpected console statement                                      no-console
  273:5   warning  Unexpected console statement                                      no-console
  282:5   warning  Unexpected console statement                                      no-console
  283:5   warning  Unexpected console statement                                      no-console

/Users/kang-yeonjun/프로젝트/깃허브with원영/itdasy_beauty_app_recent/itdasy-release-audit-20260915/js/photo-editor/premium-templates.js
  451:3  warning  Function '_drawV3Price' has too many lines (72). Maximum allowed is 50  max-lines-per-function
  573:1  warning  File has too many lines (599). Maximum allowed is 500                   max-lines

/Users/kang-yeonjun/프로젝트/깃허브with원영/itdasy_beauty_app_recent/itdasy-release-audit-20260915/js/photo-editor/region-mask-provider.js
  221:3   warning  Async function '_tier3_heuristic' has too many lines (54). Maximum allowed is 50      max-lines-per-function
  281:3   warning  Async function '_tier3_nailHeuristic' has too many lines (63). Maximum allowed is 50  max-lines-per-function
  348:3   warning  Async function '_computeRegion' has too many lines (239). Maximum allowed is 50       max-lines-per-function
  455:15  warning  Unexpected console statement                                                          no-console
  609:1   warning  File has too many lines (599). Maximum allowed is 500                                 max-lines

/Users/kang-yeonjun/프로젝트/깃허브with원영/itdasy_beauty_app_recent/itdasy-release-audit-20260915/js/photo-editor/template-renderer-beauty-pack-draws.js
  387:3  warning  Function '_skEventSpringMixed' has too many lines (79). Maximum allowed is 50  max-lines-per-function
  604:1  warning  File has too many lines (609). Maximum allowed is 500                          max-lines

/Users/kang-yeonjun/프로젝트/깃허브with원영/itdasy_beauty_app_recent/itdasy-release-audit-20260915/js/photo-editor/template-renderer-beauty-pack.js
  144:38  warning  'c' is defined but never used. Allowed unused args must match /^_/u  no-unused-vars
  151:39  warning  'c' is defined but never used. Allowed unused args must match /^_/u  no-unused-vars
  157:36  warning  'c' is defined but never used. Allowed unused args must match /^_/u  no-unused-vars
  219:39  warning  'c' is defined but never used. Allowed unused args must match /^_/u  no-unused-vars

/Users/kang-yeonjun/프로젝트/깃허브with원영/itdasy_beauty_app_recent/itdasy-release-audit-20260915/js/photo-editor/template-renderer-wm-pack-draws.js
  137:40  warning  'c' is defined but never used. Allowed unused args must match /^_/u  no-unused-vars

/Users/kang-yeonjun/프로젝트/깃허브with원영/itdasy_beauty_app_recent/itdasy-release-audit-20260915/js/photo/__tests__/ig-style-library.test.js
  207:21  warning  'o' is defined but never used. Allowed unused args must match /^_/u  no-unused-vars

/Users/kang-yeonjun/프로젝트/깃허브with원영/itdasy_beauty_app_recent/itdasy-release-audit-20260915/js/photo/__tests__/instagram-text-style.test.js
  169:9  warning  'E2E' is assigned a value but never used. Allowed unused vars must match /^_/u  no-unused-vars

/Users/kang-yeonjun/프로젝트/깃허브with원영/itdasy_beauty_app_recent/itdasy-release-audit-20260915/js/photo/edit-plan.js
  190:3  warning  Function '_build' has too many lines (99). Maximum allowed is 50  max-lines-per-function

/Users/kang-yeonjun/프로젝트/깃허브with원영/itdasy_beauty_app_recent/itdasy-release-audit-20260915/js/photo/ig-post-analysis.js
  184:3  warning  Function 'collect' has too many lines (54). Maximum allowed is 50  max-lines-per-function

/Users/kang-yeonjun/프로젝트/깃허브with원영/itdasy_beauty_app_recent/itdasy-release-audit-20260915/js/photo/ig-style-sheet.js
  246:3  warning  Function '_renderDetail' has too many lines (62). Maximum allowed is 50  max-lines-per-function
  371:3  warning  Function '_onClick' has too many lines (81). Maximum allowed is 50       max-lines-per-function

/Users/kang-yeonjun/프로젝트/깃허브with원영/itdasy_beauty_app_recent/itdasy-release-audit-20260915/js/photo/instagram-text-style.js
  210:3  warning  Function '_aggregate' has too many lines (59). Maximum allowed is 50  max-lines-per-function
  311:3  warning  Function 'build' has too many lines (52). Maximum allowed is 50       max-lines-per-function

/Users/kang-yeonjun/프로젝트/깃허브with원영/itdasy_beauty_app_recent/itdasy-release-audit-20260915/js/photo/photo-context.js
   84:3   warning  Function '_analyzePixels' has too many lines (107). Maximum allowed is 50  max-lines-per-function
  266:37  warning  Unexpected console statement                                               no-console

/Users/kang-yeonjun/프로젝트/깃허브with원영/itdasy_beauty_app_recent/itdasy-release-audit-20260915/js/photo/safety-gate.js
  48:3  warning  Function 'judge' has too many lines (56). Maximum allowed is 50  max-lines-per-function

/Users/kang-yeonjun/프로젝트/깃허브with원영/itdasy_beauty_app_recent/itdasy-release-audit-20260915/js/photo/safety-readout.js
   92:3   warning  Function 'show' has too many lines (53). Maximum allowed is 50  max-lines-per-function
   95:11  warning  Unexpected console statement                                    no-console
  171:47  warning  Unexpected console statement                                    no-console

/Users/kang-yeonjun/프로젝트/깃허브with원영/itdasy_beauty_app_recent/itdasy-release-audit-20260915/js/photo/shop-baseline.js
   98:3   warning  Function 'resolve' has too many lines (77). Maximum allowed is 50  max-lines-per-function
  110:13  warning  Function has too many lines (65). Maximum allowed is 50            max-lines-per-function

/Users/kang-yeonjun/프로젝트/깃허브with원영/itdasy_beauty_app_recent/itdasy-release-audit-20260915/js/revenue-edit.js
  61:3  warning  Function 'toggle' has too many lines (143). Maximum allowed is 50  max-lines-per-function

/Users/kang-yeonjun/프로젝트/깃허브with원영/itdasy_beauty_app_recent/itdasy-release-audit-20260915/js/workspace/__tests__/phase1-observation.test.js
  145:9  warning  'SCAN_DIRS' is assigned a value but never used. Allowed unused vars must match /^_/u  no-unused-vars
  636:1  warning  File has too many lines (612). Maximum allowed is 500                                 max-lines

/Users/kang-yeonjun/프로젝트/깃허브with원영/itdasy_beauty_app_recent/itdasy-release-audit-20260915/js/workspace/__tests__/workspace-perf.test.js
  331:9  warning  'mkPost' is assigned a value but never used. Allowed unused vars must match /^_/u  no-unused-vars

/Users/kang-yeonjun/프로젝트/깃허브with원영/itdasy_beauty_app_recent/itdasy-release-audit-20260915/js/workspace/flow/connect.js
  6:3  warning  Function 'create' has too many lines (91). Maximum allowed is 50  max-lines-per-function

/Users/kang-yeonjun/프로젝트/깃허브with원영/itdasy_beauty_app_recent/itdasy-release-audit-20260915/js/workspace/flow/layout.js
  15:3  warning  Function 'create' has too many lines (426). Maximum allowed is 50  max-lines-per-function

/Users/kang-yeonjun/프로젝트/깃허브with원영/itdasy_beauty_app_recent/itdasy-release-audit-20260915/js/workspace/layout/slot-stage.js
  11:3  warning  Function 'mount' has too many lines (76). Maximum allowed is 50  max-lines-per-function

/Users/kang-yeonjun/프로젝트/깃허브with원영/itdasy_beauty_app_recent/itdasy-release-audit-20260915/js/workspace/wm-metrics.js
  259:3  warning  Function 'observePublish' has too many lines (60). Maximum allowed is 50  max-lines-per-function
  385:3  warning  Function 'report' has too many lines (64). Maximum allowed is 50          max-lines-per-function

/Users/kang-yeonjun/프로젝트/깃허브with원영/itdasy_beauty_app_recent/itdasy-release-audit-20260915/js/workspace/work-memory-persona.js
  127:3  warning  Function 'score' has too many lines (52). Maximum allowed is 50  max-lines-per-function

/Users/kang-yeonjun/프로젝트/깃허브with원영/itdasy_beauty_app_recent/itdasy-release-audit-20260915/js/workspace/work-memory-personalize.js
  160:3  warning  Function 'resolveFeaturePatch' has too many lines (76). Maximum allowed is 50  max-lines-per-function

/Users/kang-yeonjun/프로젝트/깃허브with원영/itdasy_beauty_app_recent/itdasy-release-audit-20260915/js/workspace/work-memory-preferences.js
  261:13  warning  '후보' is defined but never used. Allowed unused vars must match /^_/u       no-unused-vars
  261:16  warning  '—' is defined but never used. Allowed unused vars must match /^_/u        no-unused-vars
  261:18  warning  '특정' is defined but never used. Allowed unused vars must match /^_/u       no-unused-vars
  261:21  warning  'memory' is defined but never used. Allowed unused vars must match /^_/u   no-unused-vars
  261:28  warning  '하나에서' is defined but never used. Allowed unused vars must match /^_/u     no-unused-vars
  261:33  warning  '반복된' is defined but never used. Allowed unused vars must match /^_/u      no-unused-vars
  261:37  warning  '것만으로는' is defined but never used. Allowed unused vars must match /^_/u    no-unused-vars
  261:43  warning  '절대' is defined but never used. Allowed unused vars must match /^_/u       no-unused-vars
  261:46  warning  '승격되지' is defined but never used. Allowed unused vars must match /^_/u     no-unused-vars
  261:51  warning  '않는다.' is defined but never used. Allowed unused vars must match /^_/u     no-unused-vars
  262:6   warning  '서로' is defined but never used. Allowed unused vars must match /^_/u       no-unused-vars
  262:9   warning  '다른' is defined but never used. Allowed unused vars must match /^_/u       no-unused-vars
  262:19  warning  '**와**' is defined but never used. Allowed unused vars must match /^_/u    no-unused-vars
  262:25  warning  'context' is defined but never used. Allowed unused vars must match /^_/u  no-unused-vars
  262:33  warning  '양쪽에서' is defined but never used. Allowed unused vars must match /^_/u     no-unused-vars
  262:38  warning  '같은' is defined but never used. Allowed unused vars must match /^_/u       no-unused-vars
  262:41  warning  '값이' is defined but never used. Allowed unused vars must match /^_/u       no-unused-vars
  262:44  warning  '반복돼야' is defined but never used. Allowed unused vars must match /^_/u     no-unused-vars
  262:49  warning  '"이' is defined but never used. Allowed unused vars must match /^_/u       no-unused-vars
  262:52  warning  '원장의' is defined but never used. Allowed unused vars must match /^_/u      no-unused-vars
  262:56  warning  '전역' is defined but never used. Allowed unused vars must match /^_/u       no-unused-vars
  262:59  warning  '취향"' is defined but never used. Allowed unused vars must match /^_/u      no-unused-vars
  262:63  warning  '으로' is defined but never used. Allowed unused vars must match /^_/u       no-unused-vars
  262:66  warning  '본다.' is defined but never used. Allowed unused vars must match /^_/u      no-unused-vars

/Users/kang-yeonjun/프로젝트/깃허브with원영/itdasy_beauty_app_recent/itdasy-release-audit-20260915/js/workspace/work-memory.js
  445:3  warning  Function 'captureFromSlot' has too many lines (51). Maximum allowed is 50  max-lines-per-function
  656:1  warning  File has too many lines (556). Maximum allowed is 500                      max-lines

/Users/kang-yeonjun/프로젝트/깃허브with원영/itdasy_beauty_app_recent/itdasy-release-audit-20260915/js/workspace/workspace-adapter.js
  225:59  warning  Unexpected console statement                                                no-console
  613:1   warning  File has too many lines (640). Maximum allowed is 500                       max-lines
  619:26  warning  Method 'publishInstagramV2' has too many lines (73). Maximum allowed is 50  max-lines-per-function

/Users/kang-yeonjun/프로젝트/깃허브with원영/itdasy_beauty_app_recent/itdasy-release-audit-20260915/js/workspace/workspace-perf.js
  472:3  warning  Function '_compareHtml' has too many lines (54). Maximum allowed is 50  max-lines-per-function
  604:3  warning  Function '_rowHtml' has too many lines (52). Maximum allowed is 50      max-lines-per-function
  732:1  warning  File has too many lines (690). Maximum allowed is 500                   max-lines

/Users/kang-yeonjun/프로젝트/깃허브with원영/itdasy_beauty_app_recent/itdasy-release-audit-20260915/js/workspace/workspace-settings.js
  346:3  warning  Function '_onClick' has too many lines (107). Maximum allowed is 50  max-lines-per-function

/Users/kang-yeonjun/프로젝트/깃허브with원영/itdasy_beauty_app_recent/itdasy-release-audit-20260915/js/workspace/workspace-sync.js
   53:62  warning  Unexpected console statement                           no-console
  705:1   warning  File has too many lines (617). Maximum allowed is 500  max-lines

/Users/kang-yeonjun/프로젝트/깃허브with원영/itdasy_beauty_app_recent/itdasy-release-audit-20260915/js/workspace/workspace-tpl-edit.js
  140:3  warning  Function 'open' has too many lines (100). Maximum allowed is 50                  max-lines-per-function
  150:9  warning  'orig' is assigned a value but never used. Allowed unused vars must match /^_/u  no-unused-vars

/Users/kang-yeonjun/프로젝트/깃허브with원영/itdasy_beauty_app_recent/itdasy-release-audit-20260915/js/workspace/workspace-v2-flow.js
    12:65   warning  'barClass' is assigned a value but never used. Allowed unused vars must match /^_/u        no-unused-vars
    41:8    warning  'MAIN_TOOLS' is assigned a value but never used. Allowed unused vars must match /^_/u      no-unused-vars
    49:8    warning  'PRECISION_TABS' is assigned a value but never used. Allowed unused vars must match /^_/u  no-unused-vars
   621:3    warning  Function '_openStoryEditor' has too many lines (193). Maximum allowed is 50                max-lines-per-function
   754:1    warning  File has too many lines (2830). Maximum allowed is 500                                     max-lines
   811:15   warning  Method 'onDone' has too many lines (64). Maximum allowed is 50                             max-lines-per-function
  2288:4    warning  Function 'doGenerate' has too many lines (141). Maximum allowed is 50                      max-lines-per-function
  2401:56   warning  Function has too many lines (52). Maximum allowed is 50                                    max-lines-per-function
  2487:3    warning  Function 'bind' has too many lines (151). Maximum allowed is 50                            max-lines-per-function
  2488:34   warning  Function has too many lines (117). Maximum allowed is 50                                   max-lines-per-function
  2882:13   warning  'bakeEdit' is defined but never used. Allowed unused vars must match /^_/u                 no-unused-vars
  3422:4    warning  Function 'publish' has too many lines (157). Maximum allowed is 50                         max-lines-per-function
  3546:116  warning  Function has too many lines (74). Maximum allowed is 50                                    max-lines-per-function
  3571:191  warning  Function has too many lines (56). Maximum allowed is 50                                    max-lines-per-function
  3671:3    warning  Function 'open' has too many lines (96). Maximum allowed is 50                             max-lines-per-function
  3906:3    warning  Function 'command' has too many lines (51). Maximum allowed is 50                          max-lines-per-function

/Users/kang-yeonjun/프로젝트/깃허브with원영/itdasy_beauty_app_recent/itdasy-release-audit-20260915/js/workspace/workspace-v2-home.js
   15:7   warning  'DRAWER_HINT' is assigned a value but never used. Allowed unused vars must match /^_/u  no-unused-vars
  342:4   warning  Function '_bind' has too many lines (63). Maximum allowed is 50                         max-lines-per-function
  343:20  warning  Function has too many lines (61). Maximum allowed is 50                                 max-lines-per-function
  600:3   warning  Function '_openDrawer' has too many lines (56). Maximum allowed is 50                   max-lines-per-function
  607:1   warning  File has too many lines (557). Maximum allowed is 500                                   max-lines

✖ 203 problems (0 errors, 203 warnings)
