== login small 3/7
    40x40 (box 40x40) button#loginPwToggle.login-pw-eye "비밀번호 보기"
    81x28 (box 138x27) button#forgotPwLink.login-forgot "비밀번호를 잊으셨나요?"
    52x16 (box 51x15) a#goSignup "회원가입"
== home small 1/11
    81x35 (box 135x15) button#hv5CmsgWhy "DM이 왔는데 안 보이면? →"
== dashboard small 0/9
== customers small 1/17
    81x38 (box 348x58) div.c-row.customer-row "최유진2회 2주 전방문"
== customerDetail small 5/9
    81x40 (box 98x40) button.d-act.primary "예약 잡기"
    68x40 (box 68x40) button.d-act.ghost "전화"
    81x40 (box 94x40) button.d-act.ghost "정보수정"
    81x40 (box 81x40) button.d-act.ghost "회원권"
    66x40 (box 66x40) button.d-act.danger "삭제"
== customerAdd small 0/3
== calendar small 4/39
    40x44 (box 40x44) button#bk-today-btn.bk-today-btn "오늘"
    32x44 (box 31x44) button.bk-view__btn.is-on "월"
    32x44 (box 31x44) button.bk-view__btn "주"
    81x36 (box 366x35) button#bk-stat-toggle.bk-statbar__sum "오늘 2건이번달 8건"
== bookingForm small 11/20
    40x44 (box 40x44) button#bk-today-btn.bk-today-btn "오늘"
    32x44 (box 31x44) button.bk-view__btn.is-on "월"
    32x44 (box 31x44) button.bk-view__btn "주"
    81x36 (box 366x35) button#bk-stat-toggle.bk-statbar__sum "오늘 2건이번달 8건"
    81x30 (box 362x30) button#cv-form-back.cv-form-back "뒤로"
    56x34 (box 55x33) button.bf-dur-chip.on "60분"
    56x34 (box 55x33) button.bf-dur-chip "90분"
    62x34 (box 61x33) button.bf-dur-chip "120분"
    62x34 (box 61x33) button.bf-dur-chip "180분"
    64x34 (box 64x33) button#bfDurCustom.bf-dur-chip "+ 직접"
    40x16 (box 38x16) button#bfSvcMore.bf-svc-more "전체"
== revenue small 0/36
== revenueAdd small 12/15
    56x34 (box 56x33) button "+1만"
    56x34 (box 56x33) button "+5만"
    63x34 (box 62x33) button "+10만"
    81x42 (box 85x42) button "카드"
    81x42 (box 85x42) button "현금"
    81x42 (box 85x42) button "계좌"
    81x42 (box 85x42) button "회원권"
    62x34 (box 62x33) button "젤네일"
    74x34 (box 74x33) button "붙임머리"
    81x34 (box 89x33) button "속눈썹 연장"
    81x34 (box 96x33) button "피부관리 1회"
    61x34 (box 60x33) button#rfSvcCustomBtn "+ 직접"
== workshop small 1/7
    81x42 (box 212x42) button.wshc-who.wshc-who--connect "잇데이 뷰티 스튜디오 (데모)인스타 연결"
== settings small 1/11
    81x3 (box 352x62) button.ms-sh__row "계정 탈퇴 모든 데이터 영구 삭제"
== dmQueue small 3/4
    23x44 (box 8x8) button#dcqSettings "자동응답 설정"
    60x32 (box 59x31) button.dcq-tab.on "전체 0"
    81x42 (box 142x42) button "인스타 연결하기"
== commentQueue small 1/3
    81x42 (box 142x42) button.crq-reconnect "인스타 연결하기"
== assistant small 4/8
    44x40 (box 44x19) button "AI 답변 신고"
    44x40 (box 44x19) button "AI 답변 신고"
    81x40 (box 240x40) button "빈시간 보기"
    81x40 (box 240x40) button "재방문 초안"
TOTAL small 47 / 199
